// Jest Snapshot v1, https://goo.gl/fbAQLP

exports[`should render a input 1`] = `
ShallowWrapper {
  "complexSelector": ComplexSelector {
    "buildPredicate": [Function],
    "childrenOfNode": [Function],
    "findWhereUnwrapped": [Function],
  },
  "length": 1,
  "node": <div
    className="input-container"
>
    <TextField
        disabled={false}
        floatingLabelFixed={false}
        floatingLabelText="New task"
        fullWidth={false}
        multiLine={false}
        onChange={[Function]}
        onKeyPress={[Function]}
        rows={1}
        type="text"
        underlineShow={true}
        value=""
    />
</div>,
  "nodes": Array [
    <div
      className="input-container"
>
      <TextField
            disabled={false}
            floatingLabelFixed={false}
            floatingLabelText="New task"
            fullWidth={false}
            multiLine={false}
            onChange={[Function]}
            onKeyPress={[Function]}
            rows={1}
            type="text"
            underlineShow={true}
            value=""
      />
</div>,
  ],
  "options": Object {},
  "renderer": ReactShallowRenderer {
    "_instance": ShallowComponentWrapper {
      "_calledComponentWillUnmount": false,
      "_compositeType": 0,
      "_context": Object {},
      "_currentElement": <Input
        addNewTask={[Function]}
/>,
      "_debugID": 1,
      "_hostContainerInfo": null,
      "_hostParent": null,
      "_instance": Input {
        "_reactInternalInstance": [Circular],
        "context": Object {},
        "props": Object {
          "addNewTask": [Function],
        },
        "refs": Object {},
        "state": Object {
          "text": "",
        },
        "updater": Object {
          "enqueueCallback": [Function],
          "enqueueCallbackInternal": [Function],
          "enqueueElementInternal": [Function],
          "enqueueForceUpdate": [Function],
          "enqueueReplaceState": [Function],
          "enqueueSetState": [Function],
          "isMounted": [Function],
          "validateCallback": [Function],
        },
      },
      "_mountOrder": 1,
      "_pendingCallbacks": null,
      "_pendingElement": null,
      "_pendingForceUpdate": false,
      "_pendingReplaceState": false,
      "_pendingStateQueue": null,
      "_renderedComponent": NoopInternalComponent {
        "_currentElement": <div
          className="input-container"
>
          <TextField
                    disabled={false}
                    floatingLabelFixed={false}
                    floatingLabelText="New task"
                    fullWidth={false}
                    multiLine={false}
                    onChange={[Function]}
                    onKeyPress={[Function]}
                    rows={1}
                    type="text"
                    underlineShow={true}
                    value=""
          />
</div>,
        "_debugID": 2,
        "_renderedOutput": <div
          className="input-container"
>
          <TextField
                    disabled={false}
                    floatingLabelFixed={false}
                    floatingLabelText="New task"
                    fullWidth={false}
                    multiLine={false}
                    onChange={[Function]}
                    onKeyPress={[Function]}
                    rows={1}
                    type="text"
                    underlineShow={true}
                    value=""
          />
</div>,
      },
      "_renderedNodeType": 0,
      "_rootNodeID": 0,
      "_topLevelWrapper": null,
      "_updateBatchNumber": null,
      "_warnedAboutRefsInRender": false,
    },
    "getRenderOutput": [Function],
    "render": [Function],
  },
  "root": [Circular],
  "unrendered": <Input
    addNewTask={[Function]}
/>,
}
`;
